[pixner.net/gooland/13-cryptocurrency-investment/index.html]
[backblue.gif]
[fade.gif]
[index.html]
[pixner.net/gooland/13-cryptocurrency-investment/assets/css/normalize.css]
[pixner.net/gooland/13-cryptocurrency-investment/assets/css/bootstrap.min.css]
[pixner.net/gooland/13-cryptocurrency-investment/assets/css/font-awesome-5.10.2.min.css]
[pixner.net/gooland/13-cryptocurrency-investment/assets/css/plugin/owl.carousel.min.css]
[pixner.net/gooland/13-cryptocurrency-investment/assets/css/plugin/magnific-popup.css]
[pixner.net/gooland/13-cryptocurrency-investment/assets/css/plugin/nice-select.css]
[pixner.net/gooland/13-cryptocurrency-investment/assets/css/plugin/animate.css]
[pixner.net/gooland/13-cryptocurrency-investment/assets/css/style.css]
[pixner.net/gooland/13-cryptocurrency-investment/assets/css/responsive.css]
[pixner.net/gooland/13-cryptocurrency-investment/assets/img/logo.png]
[pixner.net/gooland/13-cryptocurrency-investment/about-us.html]
[pixner.net/gooland/13-cryptocurrency-investment/features.html]
[pixner.net/gooland/13-cryptocurrency-investment/pricing.html]
[pixner.net/gooland/13-cryptocurrency-investment/faq.html]
[pixner.net/gooland/13-cryptocurrency-investment/blog.html]
[pixner.net/gooland/13-cryptocurrency-investment/blog-details.html]
[pixner.net/gooland/13-cryptocurrency-investment/login.html]
[pixner.net/gooland/13-cryptocurrency-investment/registration.html]
[pixner.net/gooland/13-cryptocurrency-investment/contact.html]
[pixner.net/gooland/13-cryptocurrency-investment/assets/img/banner-bg.png]
[pixner.net/gooland/13-cryptocurrency-investment/assets/img/coin-icon-1.png]
[pixner.net/gooland/13-cryptocurrency-investment/assets/img/coin-icon-2.png]
[pixner.net/gooland/13-cryptocurrency-investment/assets/img/coin-icon-3.png]
[pixner.net/gooland/13-cryptocurrency-investment/assets/img/coin-icon-4.png]
[pixner.net/gooland/13-cryptocurrency-investment/assets/img/feature-shap.png]
[pixner.net/gooland/13-cryptocurrency-investment/assets/img/feature-icon-1.png]
[pixner.net/gooland/13-cryptocurrency-investment/assets/img/feature-icon-2.png]
[pixner.net/gooland/13-cryptocurrency-investment/assets/img/feature-icon-3.png]
[pixner.net/gooland/13-cryptocurrency-investment/assets/img/feature-icon-4.png]
[pixner.net/gooland/13-cryptocurrency-investment/assets/img/deposit-bg.png]
[pixner.net/gooland/13-cryptocurrency-investment/assets/img/rdot-1.png]
[pixner.net/gooland/13-cryptocurrency-investment/assets/img/rdot-2.png]
[pixner.net/gooland/13-cryptocurrency-investment/assets/img/rdot-3.png]
[pixner.net/gooland/13-cryptocurrency-investment/assets/img/offer-box-bg.png]
[pixner.net/gooland/13-cryptocurrency-investment/assets/img/offer-icon-1.png]
[pixner.net/gooland/13-cryptocurrency-investment/assets/img/arrow-right.png]
[pixner.net/gooland/13-cryptocurrency-investment/assets/img/offer-icon-2.png]
[pixner.net/gooland/13-cryptocurrency-investment/assets/img/profit-bg.png]
[pixner.net/gooland/13-cryptocurrency-investment/assets/img/coin-icon-5.png]
[pixner.net/gooland/13-cryptocurrency-investment/assets/img/coin-icon-6.png]
[pixner.net/gooland/13-cryptocurrency-investment/assets/img/coin-icon-7.png]
[pixner.net/gooland/13-cryptocurrency-investment/assets/img/coin-icon-8.png]
[pixner.net/gooland/13-cryptocurrency-investment/assets/img/table-bg.png]
[pixner.net/gooland/13-cryptocurrency-investment/assets/img/icon-1.png]
[pixner.net/gooland/13-cryptocurrency-investment/assets/img/icon-2.png]
[pixner.net/gooland/13-cryptocurrency-investment/assets/img/icon-3.png]
[pixner.net/gooland/13-cryptocurrency-investment/assets/img/man-1.png]
[pixner.net/gooland/13-cryptocurrency-investment/assets/img/man-2.png]
[pixner.net/gooland/13-cryptocurrency-investment/assets/img/man-3.png]
[pixner.net/gooland/13-cryptocurrency-investment/assets/img/man-4.png]
[pixner.net/gooland/13-cryptocurrency-investment/assets/img/man-5.png]
[pixner.net/gooland/13-cryptocurrency-investment/assets/img/counter-bg.png]
[pixner.net/gooland/13-cryptocurrency-investment/assets/img/video-bg.png]
[pixner.net/gooland/13-cryptocurrency-investment/assets/img/reviewer1.png]
[pixner.net/gooland/13-cryptocurrency-investment/assets/img/reviewer-2.png]
[pixner.net/gooland/13-cryptocurrency-investment/assets/img/reviewer-3.png]
[pixner.net/gooland/13-cryptocurrency-investment/assets/img/reviewer-4.png]
[pixner.net/gooland/13-cryptocurrency-investment/assets/img/footer-bg.png]
[pixner.net/gooland/13-cryptocurrency-investment/assets/img/footer-logo.png]
[pixner.net/gooland/13-cryptocurrency-investment/assets/js/proper-min.js]
[pixner.net/gooland/13-cryptocurrency-investment/assets/js/jquery.min.js]
[pixner.net/gooland/13-cryptocurrency-investment/assets/js/bootstrap.min.js]
[pixner.net/gooland/13-cryptocurrency-investment/assets/js/plugin/waypoint.min.js]
[pixner.net/gooland/13-cryptocurrency-investment/assets/js/plugin/owl.carousel.min.js]
[pixner.net/gooland/13-cryptocurrency-investment/assets/js/plugin/jquery.rcounter.js]
[pixner.net/gooland/13-cryptocurrency-investment/assets/js/plugin/jquery.magnific-popup.min.js]
[pixner.net/gooland/13-cryptocurrency-investment/assets/js/plugin/jquery.nice-select.min.js]
[pixner.net/gooland/13-cryptocurrency-investment/assets/js/plugin/wow.min.js]
[pixner.net/gooland/13-cryptocurrency-investment/index.html]
[pixner.net/gooland/13-cryptocurrency-investment/assets/css/normalize.css]
[pixner.net/gooland/13-cryptocurrency-investment/assets/js/main.js]
[pixner.net/gooland/13-cryptocurrency-investment/assets/css/bootstrap.min.css]
[pixner.net/gooland/13-cryptocurrency-investment/assets/icons/fa-brands-400.woff2]
[pixner.net/gooland/13-cryptocurrency-investment/assets/icons/fa-brands-400.woff]
[pixner.net/gooland/13-cryptocurrency-investment/assets/icons/fa-brands-400.eot]
[pixner.net/gooland/13-cryptocurrency-investment/assets/icons/fa-brands-400d41d.eot]
[pixner.net/gooland/13-cryptocurrency-investment/assets/icons/fa-brands-400.svg]
[pixner.net/gooland/13-cryptocurrency-investment/assets/icons/fa-regular-400.woff2]
[pixner.net/gooland/13-cryptocurrency-investment/assets/icons/fa-regular-400.eot]
[pixner.net/gooland/13-cryptocurrency-investment/assets/icons/fa-regular-400.woff]
[pixner.net/gooland/13-cryptocurrency-investment/assets/icons/fa-regular-400d41d.eot]
[pixner.net/gooland/13-cryptocurrency-investment/assets/icons/fa-regular-400.svg]
[pixner.net/gooland/13-cryptocurrency-investment/assets/icons/fa-brands-400.ttf]
[pixner.net/gooland/13-cryptocurrency-investment/assets/icons/fa-regular-400.ttf]
[pixner.net/gooland/13-cryptocurrency-investment/assets/icons/fa-solid-900.woff2]
[pixner.net/gooland/13-cryptocurrency-investment/assets/icons/fa-solid-900.woff]
[pixner.net/gooland/13-cryptocurrency-investment/assets/icons/fa-solid-900.eot]
[pixner.net/gooland/13-cryptocurrency-investment/assets/icons/fa-solid-900d41d.eot]
[pixner.net/gooland/13-cryptocurrency-investment/assets/css/font-awesome-5.10.2.min.css]
[pixner.net/gooland/13-cryptocurrency-investment/assets/icons/fa-solid-900.svg]
[pixner.net/gooland/13-cryptocurrency-investment/assets/css/plugin/owl.video.play.56.delayed]
[pixner.net/gooland/13-cryptocurrency-investment/assets/css/plugin/owl.carousel.min.css]
[pixner.net/gooland/13-cryptocurrency-investment/assets/css/plugin/magnific-popup.css]
[pixner.net/gooland/13-cryptocurrency-investment/assets/css/plugin/nice-select.css]
[pixner.net/gooland/13-cryptocurrency-investment/assets/css/plugin/animate.css]
[pixner.net/gooland/13-cryptocurrency-investment/assets/css/style.css]
[pixner.net/gooland/13-cryptocurrency-investment/assets/css/responsive.css]
[pixner.net/gooland/13-cryptocurrency-investment/assets/img/bg-2.jpg]
[pixner.net/gooland/13-cryptocurrency-investment/assets/img/about.png]
[pixner.net/gooland/13-cryptocurrency-investment/assets/img/counter1.png]
[pixner.net/gooland/13-cryptocurrency-investment/assets/icons/fa-solid-900.ttf]
[pixner.net/gooland/13-cryptocurrency-investment/assets/img/counter2.png]
[pixner.net/gooland/13-cryptocurrency-investment/assets/img/counter3.png]
[pixner.net/gooland/13-cryptocurrency-investment/assets/img/avatar-1.jpg]
[pixner.net/gooland/13-cryptocurrency-investment/assets/img/avatar-2.jpg]
[pixner.net/gooland/13-cryptocurrency-investment/assets/img/avatar-3.jpg]
[pixner.net/gooland/13-cryptocurrency-investment/assets/img/avatar-4.jpg]
[pixner.net/gooland/13-cryptocurrency-investment/about-us.html]
[pixner.net/gooland/13-cryptocurrency-investment/assets/js/plugin/canvas-customize.js]
[pixner.net/gooland/13-cryptocurrency-investment/affiliate.html]
[pixner.net/gooland/13-cryptocurrency-investment/assets/img/feature-img1.png]
[pixner.net/gooland/13-cryptocurrency-investment/assets/img/feature-img2.png]
[pixner.net/gooland/13-cryptocurrency-investment/features.html]
[pixner.net/gooland/13-cryptocurrency-investment/assets/img/faq-icon.png]
[pixner.net/gooland/13-cryptocurrency-investment/pricing.html]
[pixner.net/gooland/13-cryptocurrency-investment/faq.html]
[pixner.net/gooland/13-cryptocurrency-investment/assets/img/bg-3.jpg]
[pixner.net/gooland/13-cryptocurrency-investment/assets/img/blog1.jpg]
[pixner.net/gooland/13-cryptocurrency-investment/assets/img/blog2.jpg]
[pixner.net/gooland/13-cryptocurrency-investment/assets/js/plugin/canvas.js]
[pixner.net/gooland/13-cryptocurrency-investment/assets/img/blog3.jpg]
[pixner.net/gooland/13-cryptocurrency-investment/blog.html]
[pixner.net/gooland/13-cryptocurrency-investment/assets/img/author2.png]
[pixner.net/gooland/13-cryptocurrency-investment/assets/img/author3.png]
[pixner.net/gooland/13-cryptocurrency-investment/assets/img/author1.png]
[pixner.net/gooland/13-cryptocurrency-investment/blog-details.html]
[pixner.net/gooland/13-cryptocurrency-investment/assets/img/account-bg.jpg]
[pixner.net/gooland/13-cryptocurrency-investment/assets/img/google.png]
[pixner.net/gooland/13-cryptocurrency-investment/login.html]
[pixner.net/gooland/13-cryptocurrency-investment/registration.html]
[pixner.net/gooland/13-cryptocurrency-investment/assets/img/contact1.png]
[pixner.net/gooland/13-cryptocurrency-investment/assets/img/contact2.png]
[pixner.net/gooland/13-cryptocurrency-investment/assets/img/contact3.png]
[pixner.net/cdn-cgi/scripts/5c5dd728/cloudflare-static/email-decode.min.js]
[pixner.net/gooland/13-cryptocurrency-investment/contact.html]
[pixner.net/gooland/13-cryptocurrency-investment/assets/icons/fa-brands-400.svg]
[pixner.net/gooland/13-cryptocurrency-investment/assets/icons/fa-regular-400.svg]
[pixner.net/gooland/13-cryptocurrency-investment/assets/icons/fa-solid-900.svg]
[pixner.net/gooland/13-cryptocurrency-investment/assets/css/plugin/owl.video.play.html]
[pixner.net/gooland/13-cryptocurrency-investment/assets/img/map.png]
[pixner.net/gooland/13-cryptocurrency-investment/assets/img/affiliate.png]
[pixner.net/gooland/13-cryptocurrency-investment/assets/img/total-1.png]
[pixner.net/gooland/13-cryptocurrency-investment/assets/img/affiliate-bg2.png]
[pixner.net/gooland/13-cryptocurrency-investment/assets/img/tot1.png]
[pixner.net/gooland/13-cryptocurrency-investment/assets/img/tot2.png]
[pixner.net/gooland/13-cryptocurrency-investment/assets/img/affiliate-bg.png]
[pixner.net/gooland/13-cryptocurrency-investment/assets/img/how4.png]
[pixner.net/gooland/13-cryptocurrency-investment/assets/img/how5.png]
[pixner.net/gooland/13-cryptocurrency-investment/assets/img/how6.png]
[pixner.net/gooland/13-cryptocurrency-investment/assets/img/why1.png]
[pixner.net/gooland/13-cryptocurrency-investment/assets/img/why2.png]
[pixner.net/gooland/13-cryptocurrency-investment/assets/img/why3.png]
[pixner.net/gooland/13-cryptocurrency-investment/assets/img/why4.png]
[pixner.net/gooland/13-cryptocurrency-investment/assets/img/how.png]
[pixner.net/gooland/13-cryptocurrency-investment/affiliate.html]
